Python 2.7.6 (default, Sep  9 2014, 15:04:36) 
[GCC 4.2.1 Compatible Apple LLVM 6.0 (clang-600.0.39)] on darwin
Type "help", "copyright", "credits" or "license" for more information.
Unable to load native-hadoop library for your platform... using builtin-java classes where applicable
Welcome to
      ____              __
     / __/__  ___ _____/ /__
    _\ \/ _ \/ _ `/ __/  '_/
   /__ / .__/\_,_/_/ /_/\_\   version 1.6.21G
      /_/

Using Python version 2.7.6 (default, Sep  9 2014 15:04:36)
SparkContext available as sc, HiveContext available as sqlContext.
>>> x=[1,2,3,4,5,6,7,8,9]
>>> print x
[1, 2, 3, 4, 5, 6, 7, 8, 9]
>>> len(x)
9
>>> distData=sc.parallelize(x)
>>> print distData;
ParallelCollectionRDD[0] at parallelize at PythonRDD.scala:423
>>> nx = distData.count()
>>> print nx                                                                    
9
>>> sc
<pyspark.context.SparkContext object at 0x10f624e10>
>>> crimedata = sc.textfile("/Users/ajs/shankar/W205/lab4/w205-fall-16-labs-exercises/data/Crimes_-_2001_to_present_data/Crimes_-_2001_to_present_data.csv");
Traceback (most recent call last):
  File "<stdin>", line 1, in <module>
AttributeError: 'SparkContext' object has no attribute 'textfile'
>>> crimedata = sc.textFile("/Users/ajs/shankar/W205/lab4/w205-fall-16-labsG-exercises/data/Crimes_-_2001_to_present_data/Crimes_-_2001_to_present_data.csv");
>>> print crimedata.count()
5862796                                                                         
>>> crimedata.first()
u'ID,Case Number,Date,Block,IUCR,Primary Type,Description,Location Description,Arrest,Domestic,Beat,District,Ward,Community Area,FBI Code,X Coordinate,Y Coordinate,Year,Updated On,Latitude,Longitude,Location'
>>> crimedata.take(10)
[u'ID,Case Number,Date,Block,IUCR,Primary Type,Description,Location Description,Arrest,Domestic,Beat,District,Ward,Community Area,FBI Code,X Coordinate,Y Coordinate,Year,Updated On,Latitude,Longitude,Location', u'10184515,HY372204,08/06/2015 11:55:00 PM,033XX W DIVERSEY AVE,2027,NARCOTICS,POSS: CRACK,STREET,true,false,1412,014,35,22,18,1153440,1918377,2015,08/13/2015 12:57:42 PM,41.931870591,-87.711546895,"(41.931870591, -87.711546895)"', u'10184607,HY372206,08/06/2015 11:55:00 PM,035XX S RHODES AVE,0486,BATTERY,DOMESTIC BATTERY SIMPLE,APARTMENT,false,true,0212,002,4,35,08B,1180132,1881331,2015,08/13/2015 12:57:42 PM,41.82964147,-87.614598779,"(41.82964147, -87.614598779)"', u'10190430,HY374464,08/06/2015 11:50:00 PM,047XX W HARRISON ST,0430,BATTERY,AGGRAVATED: OTHER DANG WEAPON,GAS STATION,false,false,1131,011,24,25,04B,1144626,1896881,2015,08/13/2015 12:57:42 PM,41.873054046,-87.744479572,"(41.873054046, -87.744479572)"', u'10185476,HY372534,08/06/2015 11:50:00 PM,030XX W FLETCHER ST,0620,BURGLARY,UNLAWFUL ENTRY,RESIDENCE-GARAGE,false,false,1411,014,33,21,05,1155716,1920830,2015,08/13/2015 12:57:42 PM,41.938556204,-87.703116637,"(41.938556204, -87.703116637)"', u'10184561,HY372224,08/06/2015 11:50:00 PM,034XX S RACINE AVE,0820,THEFT,$500 AND UNDER,PARKING LOT/GARAGE(NON.RESID.),true,false,0913,009,11,60,06,1168866,1881886,2015,08/13/2015 12:57:42 PM,41.831415654,-87.655917306,"(41.831415654, -87.655917306)"', u'10184518,HY372189,08/06/2015 11:45:00 PM,038XX S HONORE ST,1310,CRIMINAL DAMAGE,TO PROPERTY,RESIGDENCE,false,false,0912,009,11,59,14,1164617,1879167,2015,08/13/2015 12:57:42 PM,41.824045312,-87.671584096,"(41.824045312, -87.671584096)"', u'10184620,HY372195,08/06/2015 11:45:00 PM,011XX N WELLS ST,0810,THEFT,OVER $500,TAXICAB,false,false,1824,018,43,8,06,1174556,1907722,2015,08/13/2015 12:57:42 PM,41.902186365,-87.634268385,"(41.902186365, -87.634268385)"', u'10184573,HY372193,08/06/2015 11:44:00 PM,012XX W 82ND ST,0460,BATTERY,SIMPLE,SIDEWALK,false,false,0613,006,21,71,08B,1169200,1850440,2015,08/13/2015 12:57:42 PM,41.74511691,-87.655601328,"(41.74511691, -87.655601328)"', u'10184606,HY372191,08/06/2015 11:40:00 PM,048XX S INDIANA AVE,0486,BATTERY,DOMESTIC BATTERY SIMPLE,ALLEY,false,true,0224,>>> crimedata.take(10)872994,2015,08/13/2015 12:57:42 PM,41.80680416,-87.621291256,[u'ID,Case Number,Date,Block,IUCR,Primary Type,Description,Location Description,Arrest,Domestic,Beat,District,Ward,Community Area,FBI Code,X Coordinate,Y Coordinate,Year,Updated On,Latitude,Longitude,Location', u'10184515,HY372204,08/06/2015 11:55:00 PM,033XX W DIVERSEY AVE,2027,NARCOTICS,POSS: CRACK,STREET,true,false,1412,014,35,22,18,1153440,1918377,2015,08/13/2015 12:57:42 PM,41.931870591,-87.711546895,"(41.931870591, -87.711546895)"', u'10184607,HY372206,08/06/2015 11:55:00 PM,035XX S RHODES AVE,0486,BATTERY,DOMESTIC BATTERY SIMPLE,APARTMENT,false,true,0212,002,4,35,08B,1180132,1881331,2015,08/13/2015 12:57:42 PM,41.82964147,-87.614598779,"(41.82964147, -87.614598779)"', u'10190430,HY374464,08/06/2015 11:50:00 PM,047XX W HARRISON ST,0430,BATTERY,AGGRAVATED: OTHER DANG WEAPON,GAS STATION,false,false,1131,011,24,25,04B,1144626,1896881,2015,08/13/2015 12:57:42 PM,41.873054046,-87.744479572,"(41.873054046, -87.744479572)"', u'10185476,HY372534,08/06/2015 11:50:00 PM,030XX W FLETCHER ST,0620,BURGLARY,UNLAWFUL ENTRY,RESIDENCE-GARAGE,false,false,1411,014,33,21,05,1155716,1920830,2015,08/13/2015 12:57:42 PM,41.938556204,-87.703116637,"(41.938556204, -87.703116637)"', u'10184561,HY372224,08/06/2015 11:50:00 PM,034XX S RACINE AVE,0820,THEFT,$500 AND UNDER,PARKING LOT/GARAGE(NON.RESID.),true,false,0913,009,11,60,06,1168866,1881886,2015,08/13/2015 12:57:42 PM,41.831415654,-87.655917306,"(41.831415654, -87.655917306)"', u'10184518,HY372189,08/06/2015 11:45:00 PM,038XX S HONORE ST,1310,CRIMINAL DAMAGE,TO PROPERTY,RESIDENCE,false,false,0912,009,11,59,14,1164617,1879167,2015,08/13/2015 12:57:42 PM,41.824045312,-87.671584096,"(41.824045312, -87.671584096)"', u'10184620,HY372195,08/06/2015 11:45:00 PM,011XX N WELLS ST,0810,THEFT,OVER $500,TAXICAB,false,false,1824,018,43,8,06,1174556,1907722,2015,08/13/2015 12:57:42 PM,41.902186365,-87.634268385,"(41.902186365, -87.634268385)"', u'10184573,HY372193,08/06/2015 11:44:00 PM,012XX W 82ND ST,0460,BATTERY,SIMPLE,SIDEWALK,false,false,0613,006,21,71,08B,1169200,1850440,2015,08/13/2015 12:57:42 PM,41.74511691,-87.655601328,"(41.74511691, -87.655601328)"', u'10184606,HY372191,08/06/2015 11:40:00 PM,048XX S INDIANA AVE,0486,BATTERY,DOMESTIC BATTERY SIMPLE,ALLEY,false,true,0224,002,3,38,08B,1178377,1872994,2015,08/13/2015 12:57:42 PM,41.80680416,-87.621291256,"(41.80680416, -87.621291256)"']
>>> 
>>> 





>>> noHeaderCrimedata = crimedata.zipWithIndex().filter(lambda (row, index): index > 0).keys()
>>> noHeaderCrimedata.first()                                                   
u'10184515,HY372204,08/06/2015 11:55:00 PM,033XX W DIVERSEY AVE,2027,NARCOTICS,POSS: CRACK,STREET,true,false,1412,014,35,22,18,1153440,1918377,2015,08/13/2015 12:57:42 PM,41.931870591,-87.711546895,"(41.931870591, -87.711546895)"'
>>> noHeaderCrimedata.count()
5862795                                                                         




>>> def remove_header(itr_index, itr): return iter(list(iter)[1:]) if iter_index == 0 else itr
... 
>>> def remove_header(itr_index, itr): 
...     return iter(list(iter)[1:]) if iter_index == 0 else itr
... 


>>> noHeaderCrimedata2 = crimedata.mapPartitionsWithIndex(remove_header)
>>> noHeaderCrimedata.first()
u'10184515,HY372204,08/06/2015 11:55:00 PM,033XX W DIVERSEY AVE,2027,NARCOTICS,POSS: CRACK,STREET,true,false,1412,014,35,22,18,1153440,1918377,2015,08/13/2015 12:57:42 PM,41.931870591,-87.711546895,"(41.931870591, -87.711546895)"'
>>> 


>>> narcoticsCrimes = noHeaderCrimedata.filter(lambda x: "NARCOTICS" in x)
>>> narcoticsCrimes.count()
663712                                                                          
>>> narcoticsCrimes.take(20)
[u'10184515,HY372204,08/06/2015 11:55:00 PM,033XX W DIVERSEY AVE,2027,NARCOTICS,POSS: CRACK,STREET,true,false,1412,014,35,22,18,1153440,1918377,2015,08/13/2015 12:57:42 PM,41.931870591,-87.711546895,"(41.931870591, -87.711546895)"', u'10184524,HY372200,08/06/2015 11:40:00 PM,002XX W 88TH ST,1811,NARCOTICS,POSS: CANNABIS 30GMS OR LESS,STREET,true,false,0634,006,21,49,18,1175866,1846548,2015,08/13/2015 12:57:42 PM,41.7342901,-87.631292466,"(41.7342901, -87.631292466)"', u'10184554,HY372217,08/06/2015 11:38:00 PM,078XX S PAULINA ST,2028,NARCOTICS,POSS: SYNTHETIC DRUGS,STREET,true,false,0611,006,17,71,18,1166342,1852418,2015,08/13/2015 12:57:42 PM,41.750606117,-87.666017303,"(41.750606117, -87.666017303)"', u'10184503,HY372179,08/06/2015 11:35:00 PM,019XX N MOZART ST,2022,NARCOTICS,POSS: COCAINE,STREET,true,false,1421,014,35,22,18,1157157,1912657,2015,08/13/2015 12:57:42 PM,41.916099694,-87.698043163,"(41.916099694, -87.698043163)"', u'10184527,HY372190,08/06/2015 11:32:00 PM,015XX W HOWARD ST,1811,NARCOTICS,POSS: CANNABIS 30GMS OR LESS,STREET,true,false,2422,024,49,1,18,1164729,1950306,2015,08/13/2015 12:57:42 PM,42.01925275,-87.669151816,"(42.01925275, -87.669151816)"', u'10184512,HY372194,08/06/2015 11:30:00 PM,054XX W NORTH AVE,1811,NARCOTICS,POSS: CANNABIS 30GMS OR LESS,VEHICLE NON-COMMERCIAL,true,false,2532,025,37,25,18,1140150,1910150,2015,08/13/2015 12:57:42 PM,41.909548902,-87.760588145,"(41.909548902, -87.760588145)"', u'10184523,HY372175,08/06/2015 10:51:00 PM,038XX W NORTH AVE,1811,NARCOTICS,POSS: CANNABIS 30GMS OR LESS,SIDEWALK,true,false,2535,025,30,23,18,1150304,1910396,2015,08/13/2015 12:57:42 PM,41.910031837,-87.723279946,"(41.910031837, -87.723279946)"', u'10184476,HY372146,08/06/2015 10:50:00 PM,0000X N KEELER AVE,1811,NARCOTICS,POSS: CANNABIS 30GMS OR LESS,STREET,true,false,1115,011,28,26,18,1148430,1899795,2015,08/13/2015 12:57:42 PM,41.880977936,-87.730437982,"(41.880977936, -87.730437982)"', u'10184477,HY372136,08/06/2015 10:45:00 PM,053XX W CHICAGO AVE,1821,NARCOTICS,MANU/DEL:CANNABIS 10GM OR LESS,SIDEWALK,true,false,1524,015,37,25,18,1140456,1904773,2015,08/13/2015 12:57:42 PM,41.894788171,-87.759596124,"(41.894788171, -87.759596124)"', u'10184468,HY372144,08/06/2015 10:45:00 PM,002XX E 108TH ST,2028,NARCOTICS,POSS: SYNTHETIC DRUGS,STREET,true,false,0513,005,9,49,18,1179863,1833448,2015,08/13/2015 12:57:42 PM,41.698251605,-87.617048656,"(41.698251605, -87.617048656)"', u'10184465,HY372127,08/06/2015 10:28:00 PM,079XX S ASHLAND AVE,1811,NARCOTICS,POSS: CANNABIS 30GMS OR LESS,GAS STATION,true,false,0611,006,21,71,18,1167009,1852265,2015,08/13/2015 12:57:42 PM,41.750172042,-87.66357746,"(41.750172042, -87.66357746)"', u'10184487,HY372141,08/06/2015 10:01:00 PM,059XX S MICHIGAN AVE,1812,NARCOTICS,POSS: CANNABIS MORE THAN 30GMS,APARTMENT,true,false,0232,002,20,40,18,1178136,1865583,2015,08/13/2015 12:57:42 PM,41.786473155,-87.622399953,"(41.786473155, -87.622399953)"', u'10184488,HY372134,08/06/2015 09:56:00 PM,077XX S SANGAMON ST,2024,NARCOTICS,POSS: HEROIN(WHITE),APARTMENT,true,false,0621,006,17,71,18,1171365,1853218,2015,08/13/2015 12:57:42 PM,41.752693042,-87.647587307,"(41.752693042, -87.647587307)"', u'10184422,HY372060,08/06/2015 09:30:00 PM,052XX N CANFIELD AVE,1811,NARCOTICS,POSS: CANNABIS 30GMS OR LESS,ALLEY,true,false,1613,016,41,10,18,1122611,1933632,2015,08/13/2015 12:57:42 PM,41.974289808,-87.824508239,"(41.974289808, -87.824508239)"', u'10184429,HY372061,08/06/2015 09:30:00 PM,033XX W FLOURNOY ST,1811,NARCOTICS,POSS: CANNABIS 30GMS OR LESS,SIDEWALK,true,false,1134,011,24,27,18,1154319,1896798,2015,08/13/2015 12:57:42 PM,41.872638297,-87.70889391,"(41.872638297, -87.70889391)"', u'10184427,HY372068,08/06/2015 09:18:00 PM,027XX W LE MOYNE ST,1811,NARCOTICS,POSS: CANNABIS 30GMS OR LESS,STREET,true,false,1423,014,26,24,18,1158086,1909904,2015,08/13/2015 12:57:42 PM,41.908526309,-87.694705371,"(41.908526309, -87.694705371)"', u'10184388,HY372039,08/06/2015 09:15:00 PM,055XX N NORTHWEST HWY,1811,NARCOTICS,POSS: CANNABIS 30GMS OR LESS,ALLEY,true,false,1622,016,45,11,18,1134995,1936221,2015,08/13/2015 12:57:42 PM,41.981183382,-87.778906209,"(41.981183382, -87.778906209)"', u'10184412,HY372034,08/06/2015 08:45:00 PM,028XX S AVERS AVE,1811,NARCOTICS,POSS: CANNABIS 30GMS OR LESS,SIDEWALK,true,false,1031,010,22,30,18,1151215,1884655,2015,08/13/2015 12:57:42 PM,41.839377846,-87.720608322,"(41.839377846, -87.720608322)"', u'10184435,HY372066,08/06/2015 08:45:00 PM,046XX S HERMITAGE AVE,1811,NARCOTICS,POSS: CANNABIS 30GMS OR LESS,"SCHOOL, PRIVATE, GROUNDS",true,false,0924,009,20,61,18,1165413,1874130,2015,08/13/2015 12:57:42 PM,41.810206364,-87.668806745,"(41.810206364, -87.668806745)"', u'10184509,HY372031,08/06/2015 08:30:00 PM,038XX W LEXINGTON ST,2024,NARCOTICS,POSS: HEROIN(WHITE),STREET,true,false,1133,011,24,26,18,1150832,1896381,2015,08/13/2015 12:57:42 PM,41.871562899,-87.721707266,"(41.871562899, -87.721707266)"']
>>> 
>>> 


>>> narcoticsCrimeRecords = narcoticsCrimes.map(lambda r: r.split(","))
>>> narcoticsCrimeRecords.first()
[u'10184515', u'HY372204', u'08/06/2015 11:55:00 PM', u'033XX W DIVERSEY AVE', u'2027', u'NARCOTICS', u'POSS: CRACK', u'STREET', u'true', u'false', u'1412', u'014', u'35', u'22', u'18', u'1153440', u'1918377', u'2015', u'08/13/2015 12:57:42 PM', u'41.931870591', u'-87.711546895', u'"(41.931870591', u' -87.711546895)"']
>>> narcoticsCrimeRecords.count()
663712                                                                          
>>> 



>>> 
>>> 
>>> narcoticsCrimeTuples = narcoticsCrimes.map(lambda x: (x.split(",")[0], x))
>>> narcoticsCrimeTuples.first()
(u'10184515', u'10184515,HY372204,08/06/2015 11:55:00 PM,033XX W DIVERSEY AVE,2027,NARCOTICS,POSS: CRACK,STREET,true,false,1412,014,35,22,18,1153440,1918377,2015,08/13/2015 12:57:42 PM,41.931870591,-87.711546895,"(41.931870591, -87.711546895)"')
>>> firstTuple = narcoticsCrimeTuples.first()
>>> len(firstTuple)
2
>>> firstTuple[0]
u'10184515'
>>> firstTuple[1]
u'10184515,HY372204,08/06/2015 11:55:00 PM,033XX W DIVERSEY AVE,2027,NARCOTICS,POSS: CRACK,STREET,true,false,1412,014,35,22,18,1153440,1918377,2015,08/13/2015 12:57:42 PM,41.931870591,-87.711546895,"(41.931870591, -87.711546895)"'
>>> sorted=narcoticsCrimeTuples.sortByKey()
>>> sorted.first()                                                              
[Stage 17:>                                                        (0 + 4) / 41]/Users/ajs/Downloads/spark-1.6.2-bin-hadoop2.6/python/lib/pyspark.zip/pyspark/shuffle.py:58: UserWarning: Please install psutil to have better support with spilling
/Users/ajs/Downloads/spark-1.6.2-bin-hadoop2.6/python/lib/pyspark.zip/pyspark/shuffle.py:58: UserWarning: Please install psutil to have better support with spilling
/Users/ajs/Downloads/spark-1.6.2-bin-hadoop2.6/python/lib/pyspark.zip/pyspark/shuffle.py:58: UserWarning: Please install psutil to have better support with spilling
/Users/ajs/Downloads/spark-1.6.2-bin-hadoop2.6/python/lib/pyspark.zip/pyspark/shuffle.py:58: UserWarning: Please install psutil to have better support with spilling
(u'10000014', u'10000014,HY189846,03/18/2015 05:52:00 PM,107XX S EGGLESTON AVE,1822,NARCOTICS,MANU/DEL:CANNABIS OVER 10 GMS,RESIDENCE,true,false,2233,022,34,49,18,1175162,1833372,2015,03/25/2015 12:42:30 PM,41.698149046,-87.634263523,"(41.698149046, -87.634263523)"')
>>> narcoticsCrimeTuples.first()
(u'10184515', u'10184515,HY372204,08/06/2015 11:55:00 PM,033XX W DIVERSEY AVE,2027,NARCOTICS,POSS: CRACK,STREET,true,false,1412,014,35,22,18,1153440,1918377,2015,08/13/2015 12:57:42 PM,41.931870591,-87.711546895,"(41.931870591, -87.711546895)"')
>>> 
>>> 



****************** SQL *********************





Using Python version 2.7.6 (default, Sep  9 2014 15:04:36)
SparkContext available as sc, HiveContext available as sqlContext.
>>> from pyspark.sql import SQLContext
>>> from pyspark.sql.types import *

>>> sqlContext = SQLContext(sc)


>>> print(schema)
StructType(List(StructField(DATETIME,StringType,true),StructField(USERID,StringType,true),StructField(SESSIONID,StringType,true),StructField(PRODUCTID,StringType,true),StructField(REFERERURL,StringType,true)))
>>> schemaWebData.registerTempTable('Web_Session_Log')
>>> lines = sc.textFile("/Users/ajs/shankar/W205/lab4/w205-fall-16-labs-exercises/data/weblog_lab.csv")
>>> parts = lines.map(lambda l: l.split('\t'))
>>> Web_Session_Log = parts.map(lambda p: (p[0], p[1], p[2], p[3], p[4]))
>>> schemaString = 'DATETIME USERID SESSIONID PRODUCTID REFERERURL'
>>> fields = [StructField(field_name, StringType(), True) for field_name in schemaString.split()]
>>> schema = StructType(fields)
>>> schemaWebData = sqlContext.createDataFrame(Web_Session_Log, schema)
>>> schemaWebData.registerTempTable('Web_Session_Log')
>>> results = sqlContext.sql('SELECT count(*) FROM Web_Session_Log')
>>> results.show()
+-----+                                                                         
|  _c0|
+-----+
|40002|
+-----+

>>> results = sqlContext.sql('SELECT count(*) FROM Web_Session_Log WHERE REFERERURL="http://www.ebay.com"')
>>> results.show()
+----+
| _c0|
+----+
|3943|
+----+

>>> 
>>> 
>>> results = sqlContext.sql('SELECT * FROM Web_Session_Log')
>>> results.show()
+-------------------+--------------------+--------------------+------------------+--------------------+
|           DATETIME|              USERID|           SESSIONID|         PRODUCTID|          REFERERURL|
+-------------------+--------------------+--------------------+------------------+--------------------+
|               date|              userid|           sessionid|         productid|          refererurl|
|2008-01-31 15:54:25|__RequestVerifica...|;+.ASPXAUTH=C31HD...|/product/YJ29IOCVQ|  http://www.abc.com|
|2005-12-08 02:36:30|__RequestVerifica...|;+.ASPXAUTH=H7HTS...|/product/MVI9HHP8A| http://www.ebay.com|
|2015-06-07 23:27:58|__RequestVerifica...|;+.ASPXAUTH=58SZL...| /search/P5XKO3AC9|  http://www.abc.com|
|2009-03-12 03:16:27|__RequestVerifica...|;+.ASPXAUTH=VBWZJ...|/product/A13025WBT|http://www.shophe...|
|2014-07-23 08:36:03|__RequestVerifica...|;+.ASPXAUTH=VXBLE...| /search/5PI9XD6LZ|http://www.facebo...|
|2002-12-30 08:42:09|__RequestVerifica...|;+.ASPXAUTH=YABJB...|/product/WS80XJFW2|  http://www.xyz.com|
|2004-11-03 20:29:10|__RequestVerifica...|;+.ASPXAUTH=2F90N...|/product/OJ201IBUN|http://www.homesh...|
|2012-01-26 12:39:57|__RequestVerifica...|;+.ASPXAUTH=SEWRR...|/product/OA3QGXF1U|  http://www.xyz.com|
|2008-04-30 02:01:34|__RequestVerifica...|;+.ASPXAUTH=6OB10...| /search/K1IRBE1DU|  http://www.abc.com|
|2003-08-23 09:44:43|__RequestVerifica...|;+.ASPXAUTH=1NRGS...|/product/ANGEKDMKM|http://www.shophe...|
|2008-04-09 01:24:24|__RequestVerifica...|;+.ASPXAUTH=2Y8NA...|/product/LC94NBS9A|http://www.facebo...|
|2000-08-07 06:45:19|__RequestVerifica...|;+.ASPXAUTH=KS9LL...| /search/HDKWJ5ORV|http://www.facebo...|
|2013-10-09 05:22:31|__RequestVerifica...|;+.ASPXAUTH=UA1WH...| /search/5LPS3BTJI|http://www.facebo...|
|2006-07-31 08:12:44|__RequestVerifica...|;+.ASPXAUTH=GDVM0...| /search/BW80TIDQP|  http://www.xyz.com|
|2014-07-27 13:23:18|__RequestVerifica...|;+.ASPXAUTH=OY5S5...| /search/D5S8HFH9D|http://www.facebo...|
|2001-01-10 18:23:03|__RequestVerifica...|;+.ASPXAUTH=VMOYI...|/product/I8VLXARNQ|  http://www.xyz.com|
|2011-09-24 21:28:13|__RequestVerifica...|;+.ASPXAUTH=SDVEA...| /search/S44PIHRYX|http://www.shophe...|
|2008-09-19 02:52:53|__RequestVerifica...|;+.ASPXAUTH=7NEBV...| /search/CX28DBZYW|http://www.shophe...|
|2006-03-01 20:10:27|__RequestVerifica...|;+.ASPXAUTH=K58W1...|/product/GG8EXER8K|http://www.amazon...|
+-------------------+--------------------+--------------------+------------------+--------------------+
only showing top 20 rows

>>> 

>>> 
>>> 
>>> 
>>> print crimedata.count()
5862796                                                                         
>>> crimedata.first()
u'ID,Case Number,Date,Block,IUCR,Primary Type,Description,Location Description,Arrest,Domestic,Beat,District,Ward,Community Area,FBI Code,X Coordinate,Y Coordinate,Year,Updated On,Latitude,Longitude,Location'
>>> crimedata.take(10)
[u'ID,Case Number,Date,Block,IUCR,Primary Type,Description,Location Description,Arrest,Domestic,Beat,District,Ward,Community Area,FBI Code,X Coordinate,Y Coordinate,Year,Updated On,Latitude,Longitude,Location', u'10184515,HY372204,08/06/2015 11:55:00 PM,033XX W DIVERSEY AVE,2027,NARCOTICS,POSS: CRACK,STREET,true,false,1412,014,35,22,18,1153440,1918377,2015,08/13/2015 12:57:42 PM,41.931870591,-87.711546895,"(41.931870591, -87.711546895)"', u'10184607,HY372206,08/06/2015 11:55:00 PM,035XX S RHODES AVE,0486,BATTERY,DOMESTIC BATTERY SIMPLE,APARTMENT,false,true,0212,002,4,35,08B,1180132,1881331,2015,08/13/2015 12:57:42 PM,41.82964147,-87.614598779,"(41.82964147, -87.614598779)"', u'10190430,HY374464,08/06/2015 11:50:00 PM,047XX W HARRISON ST,0430,BATTERY,AGGRAVATED: OTHER DANG WEAPON,GAS STATION,false,false,1131,011,24,25,04B,1144626,1896881,2015,08/13/2015 12:57:42 PM,41.873054046,-87.744479572,"(41.873054046, -87.744479572)"', u'10185476,HY372534,08/06/2015 11:50:00 PM,030XX W FLETCHER ST,0620,BURGLARY,UNLAWFUL ENTRY,RESIDENCE-GARAGE,false,false,1411,014,33,21,05,1155716,1920830,2015,08/13/2015 12:57:42 PM,41.938556204,-87.703116637,"(41.938556204, -87.703116637)"', u'10184561,HY372224,08/06/2015 11:50:00 PM,034XX S RACINE AVE,0820,THEFT,$500 AND UNDER,PARKING LOT/GARAGE(NON.RESID.),true,false,0913,009,11,60,06,1168866,1881886,2015,08/13/2015 12:57:42 PM,41.831415654,-87.655917306,"(41.831415654, -87.655917306)"', u'10184518,HY372189,08/06/2015 11:45:00 PM,038XX S HONORE ST,1310,CRIMINAL DAMAGE,TO PROPERTY,RESIDENCE,false,false,0912,009,11,59,14,1164617,1879167,2015,08/13/2015 12:57:42 PM,41.824045312,-87.671584096,"(41.824045312, -87.671584096)"', u'10184620,HY372195,08/06/2015 11:45:00 PM,011XX N WELLS ST,0810,THEFT,OVER $500,TAXICAB,false,false,1824,018,43,8,06,1174556,1907722,2015,08/13/2015 12:57:42 PM,41.902186365,-87.634268385,"(41.902186365, -87.634268385)"', u'10184573,HY372193,08/06/2015 11:44:00 PM,012XX W 82ND ST,0460,BATTERY,SIMPLE,SIDEWALK,false,false,0613,006,21,71,08B,1169200,1850440,2015,08/13/2015 12:57:42 PM,41.74511691,-87.655601328,"(41.74511691, -87.655601328)"', u'10184606,HY372191,08/06/2015 11:40:00 PM,048XX S INDIANA AVE,0486,BATTERY,DOMESTIC BATTERY SIMPLE,ALLEY,false,true,0224,002,3,38,08B,1178377,1872994,2015,08/13/2015 12:57:42 PM,41.80680416,-87.621291256,"(41.80680416, -87.621291256)"']
>>> 
>>> 
>>> 
>>> 
>>> 
>>> noHeaderCrimedata = crimedata.zipWithIndex().filter(lambda (row, index): index > 0).keys()
>>> noHeaderCrimedata.first()                                                   
u'10184515,HY372204,08/06/2015 11:55:00 PM,033XX W DIVERSEY AVE,2027,NARCOTICS,POSS: CRACK,STREET,true,false,1412,014,35,22,18,1153440,1918377,2015,08/13/2015 12:57:42 PM,41.931870591,-87.711546895,"(41.931870591, -87.711546895)"'
>>> noHeaderCrimedata.count()
5862795                                                                         
>>> 
>>> 
>>> noHeaderCrimedata.take(10)
[u'10184515,HY372204,08/06/2015 11:55:00 PM,033XX W DIVERSEY AVE,2027,NARCOTICS,POSS: CRACK,STREET,true,false,1412,014,35,22,18,1153440,1918377,2015,08/13/2015 12:57:42 PM,41.931870591,-87.711546895,"(41.931870591, -87.711546895)"', u'10184607,HY372206,08/06/2015 11:55:00 PM,035XX S RHODES AVE,0486,BATTERY,DOMESTIC BATTERY SIMPLE,APARTMENT,false,true,0212,002,4,35,08B,1180132,1881331,2015,08/13/2015 12:57:42 PM,41.82964147,-87.614598779,"(41.82964147, -87.614598779)"', u'10190430,HY374464,08/06/2015 11:50:00 PM,047XX W HARRISON ST,0430,BATTERY,AGGRAVATED: OTHER DANG WEAPON,GAS STATION,false,false,1131,011,24,25,04B,1144626,1896881,2015,08/13/2015 12:57:42 PM,41.873054046,-87.744479572,"(41.873054046, -87.744479572)"', u'10185476,HY372534,08/06/2015 11:50:00 PM,030XX W FLETCHER ST,0620,BURGLARY,UNLAWFUL ENTRY,RESIDENCE-GARAGE,false,false,1411,014,33,21,05,1155716,1920830,2015,08/13/2015 12:57:42 PM,41.938556204,-87.703116637,"(41.938556204, -87.703116637)"', u'10184561,HY372224,08/06/2015 11:50:00 PM,034XX S RACINE AVE,0820,THEFT,$500 AND UNDER,PARKING LOT/GARAGE(NON.RESID.),true,false,0913,009,11,60,06,1168866,1881886,2015,08/13/2015 12:57:42 PM,41.831415654,-87.655917306,"(41.831415654, -87.655917306)"', u'10184518,HY372189,08/06/2015 11:45:00 PM,038XX S HONORE ST,1310,CRIMINAL DAMAGE,TO PROPERTY,RESIDENCE,false,false,0912,009,11,59,14,1164617,1879167,2015,08/13/2015 12:57:42 PM,41.824045312,-87.671584096,"(41.824045312, -87.671584096)"', u'10184620,HY372195,08/06/2015 11:45:00 PM,011XX N WELLS ST,0810,THEFT,OVER $500,TAXICAB,false,false,1824,018,43,8,06,1174556,1907722,2015,08/13/2015 12:57:42 PM,41.902186365,-87.634268385,"(41.902186365, -87.634268385)"', u'10184573,HY372193,08/06/2015 11:44:00 PM,012XX W 82ND ST,0460,BATTERY,SIMPLE,SIDEWALK,false,false,0613,006,21,71,08B,1169200,1850440,2015,08/13/2015 12:57:42 PM,41.74511691,-87.655601328,"(41.74511691, -87.655601328)"', u'10184606,HY372191,08/06/2015 11:40:00 PM,048XX S INDIANA AVE,0486,BATTERY,DOMESTIC BATTERY SIMPLE,ALLEY,false,true,0224,002,3,38,08B,1178377,1872994,2015,08/13/2015 12:57:42 PM,41.80680416,-87.621291256,"(41.80680416, -87.621291256)"', u'10184524,HY372200,08/06/2015 11:40:00 PM,002XX W 88TH ST,1811,NARCOTICS,POSS: CANNABIS 30GMS OR LESS,STREET,true,false,0634,006,21,49,18,1175866,1846548,2015,08/13/2015 12:57:42 PM,41.7342901,-87.631292466,"(41.7342901, -87.631292466)"']
>>> 
>>> 
>>> 
>>> narcoticsCrimes = noHeaderCrimedata(lambda x: "NARCOTICS" in x)
Traceback (most recent call last):
  File "<stdin>", line 1, in <module>
TypeError: 'PipelinedRDD' object is not callable
>>> narcoticsCrimes = noHeaderCrimedata.filter(lambda x: "NARCOTICS" in x)
>>> narcoticsCrimes.count()
663712                                                                          
>>> narcoticsCrimes.take(20)
[u'10184515,HY372204,08/06/2015 11:55:00 PM,033XX W DIVERSEY AVE,2027,NARCOTICS,POSS: CRACK,STREET,true,false,1412,014,35,22,18,1153440,1918377,2015,08/13/2015 12:57:42 PM,41.931870591,-87.711546895,"(41.931870591, -87.711546895)"', u'10184524,HY372200,08/06/2015 11:40:00 PM,002XX W 88TH ST,1811,NARCOTICS,POSS: CANNABIS 30GMS OR LESS,STREET,true,false,0634,006,21,49,18,1175866,1846548,2015,08/13/2015 12:57:42 PM,41.7342901,-87.631292466,"(41.7342901, -87.631292466)"', u'10184554,HY372217,08/06/2015 11:38:00 PM,078XX S PAULINA ST,2028,NARCOTICS,POSS: SYNTHETIC DRUGS,STREET,true,false,0611,006,17,71,18,1166342,1852418,2015,08/13/2015 12:57:42 PM,41.750606117,-87.666017303,"(41.750606117, -87.666017303)"', u'10184503,HY372179,08/06/2015 11:35:00 PM,019XX N MOZART ST,2022,NARCOTICS,POSS: COCAINE,STREET,true,false,1421,014,35,22,18,1157157,1912657,2015,08/13/2015 12:57:42 PM,41.916099694,-87.698043163,"(41.916099694, -87.698043163)"', u'10184527,HY372190,08/06/2015 11:32:00 PM,015XX W HOWARD ST,1811,NARCOTICS,POSS: CANNABIS 30GMS OR LESS,STREET,true,false,2422,024,49,1,18,1164729,1950306,2015,08/13/2015 12:57:42 PM,42.01925275,-87.669151816,"(42.01925275, -87.669151816)"', u'10184512,HY372194,08/06/2015 11:30:00 PM,054XX W NORTH AVE,1811,NARCOTICS,POSS: CANNABIS 30GMS OR LESS,VEHICLE NON-COMMERCIAL,true,false,2532,025,37,25,18,1140150,1910150,2015,08/13/2015 12:57:42 PM,41.909548902,-87.760588145,"(41.909548902, -87.760588145)"', u'10184523,HY372175,08/06/2015 10:51:00 PM,038XX W NORTH AVE,1811,NARCOTICS,POSS: CANNABIS 30GMS OR LESS,SIDEWALK,true,false,2535,025,30,23,18,1150304,1910396,2015,08/13/2015 12:57:42 PM,41.910031837,-87.723279946,"(41.910031837, -87.723279946)"', u'10184476,HY372146,08/06/2015 10:50:00 PM,0000X N KEELER AVE,1811,NARCOTICS,POSS: CANNABIS 30GMS OR LESS,STREET,true,false,1115,011,28,26,18,1148430,1899795,2015,08/13/2015 12:57:42 PM,41.880977936,-87.730437982,"(41.880977936, -87.730437982)"', u'10184477,HY372136,08/06/2015 10:45:00 PM,053XX W CHICAGO AVE,1821,NARCOTICS,MANU/DEL:CANNABIS 10GM OR LESS,SIDEWALK,true,false,1524,015,37,25,18,1140456,1904773,2015,08/13/2015 12:57:42 PM,41.894788171,-87.759596124,"(41.894788171, -87.759596124)"', u'10184468,HY372144,08/06/2015 10:45:00 PM,002XX E 108TH ST,2028,NARCOTICS,POSS: SYNTHETIC DRUGS,STREET,true,false,0513,005,9,49,18,1179863,1833448,2015,08/13/2015 12:57:42 PM,41.698251605,-87.617048656,"(41.698251605, -87.617048656)"', u'10184465,HY372127,08/06/2015 10:28:00 PM,079XX S ASHLAND AVE,1811,NARCOTICS,POSS: CANNABIS 30GMS OR LESS,GAS STATION,true,false,0611,006,21,71,18,1167009,1852265,2015,08/13/2015 12:57:42 PM,41.750172042,-87.66357746,"(41.750172042, -87.66357746)"', u'10184487,HY372141,08/06/2015 10:01:00 PM,059XX S MICHIGAN AVE,1812,NARCOTICS,POSS: CANNABIS MORE THAN 30GMS,APARTMENT,true,false,0232,002,20,40,18,1178136,1865583,2015,08/13/2015 12:57:42 PM,41.786473155,-87.622399953,"(41.786473155, -87.622399953)"', u'10184488,HY372134,08/06/2015 09:56:00 PM,077XX S SANGAMON ST,2024,NARCOTICS,POSS: HEROIN(WHITE),APARTMENT,true,false,0621,006,17,71,18,1171365,1853218,2015,08/13/2015 12:57:42 PM,41.752693042,-87.647587307,"(41.752693042, -87.647587307)"', u'10184422,HY372060,08/06/2015 09:30:00 PM,052XX N CANFIELD AVE,1811,NARCOTICS,POSS: CANNABIS 30GMS OR LESS,ALLEY,true,false,1613,016,41,10,18,1122611,1933632,2015,08/13/2015 12:57:42 PM,41.974289808,-87.824508239,"(41.974289808, -87.824508239)"', u'10184429,HY372061,08/06/2015 09:30:00 PM,033XX W FLOURNOY ST,1811,NARCOTICS,POSS: CANNABIS 30GMS OR LESS,SIDEWALK,true,false,1134,011,24,27,18,1154319,1896798,2015,08/13/2015 12:57:42 PM,41.872638297,-87.70889391,"(41.872638297, -87.70889391)"', u'10184427,HY372068,08/06/2015 09:18:00 PM,027XX W LE MOYNE ST,1811,NARCOTICS,POSS: CANNABIS 30GMS OR LESS,STREET,true,false,1423,014,26,24,18,1158086,1909904,2015,08/13/2015 12:57:42 PM,41.908526309,-87.694705371,"(41.908526309, -87.694705371)"', u'10184388,HY372039,08/06/2015 09:15:00 PM,055XX N NORTHWEST HWY,1811,NARCOTICS,POSS: CANNABIS 30GMS OR LESS,ALLEY,true,false,1622,016,45,11,18,1134995,1936221,2015,08/13/2015 12:57:42 PM,41.981183382,-87.778906209,"(41.981183382, -87.778906209)"', u'10184412,HY372034,08/06/2015 08:45:00 PM,028XX S AVERS AVE,1811,NARCOTICS,POSS: CANNABIS 30GMS OR LESS,SIDEWALK,true,false,1031,010,22,30,18,1151215,1884655,2015,08/13/2015 12:57:42 PM,41.839377846,-87.720608322,"(41.839377846, -87.720608322)"', u'10184435,HY372066,08/06/2015 08:45:00 PM,046XX S HERMITAGE AVE,1811,NARCOTICS,POSS: CANNABIS 30GMS OR LESS,"SCHOOL, PRIVATE, GROUNDS",true,false,0924,009,20,61,18,1165413,1874130,2015,08/13/2015 12:57:42 PM,41.810206364,-87.668806745,"(41.810206364, -87.668806745)"', u'10184509,HY372031,08/06/2015 08:30:00 PM,038XX W LEXINGTON ST,2024,NARCOTICS,POSS: HEROIN(WHITE),STREET,true,false,1133,011,24,26,18,1150832,1896381,2015,08/13/2015 12:57:42 PM,41.871562899,-87.721707266,"(41.871562899, -87.721707266)"']
>>> 
>>> 
>>> 
>>> narcoticsCrimes.take(10)
[u'10184515,HY372204,08/06/2015 11:55:00 PM,033XX W DIVERSEY AVE,2027,NARCOTICS,POSS: CRACK,STREET,true,false,1412,014,35,22,18,1153440,1918377,2015,08/13/2015 12:57:42 PM,41.931870591,-87.711546895,"(41.931870591, -87.711546895)"', u'10184524,HY372200,08/06/2015 11:40:00 PM,002XX W 88TH ST,1811,NARCOTICS,POSS: CANNABIS 30GMS OR LESS,STREET,true,false,0634,006,21,49,18,1175866,1846548,2015,08/13/2015 12:57:42 PM,41.7342901,-87.631292466,"(41.7342901, -87.631292466)"', u'10184554,HY372217,08/06/2015 11:38:00 PM,078XX S PAULINA ST,2028,NARCOTICS,POSS: SYNTHETIC DRUGS,STREET,true,false,0611,006,17,71,18,1166342,1852418,2015,08/13/2015 12:57:42 PM,41.750606117,-87.666017303,"(41.750606117, -87.666017303)"', u'10184503,HY372179,08/06/2015 11:35:00 PM,019XX N MOZART ST,2022,NARCOTICS,POSS: COCAINE,STREET,true,false,1421,014,35,22,18,1157157,1912657,2015,08/13/2015 12:57:42 PM,41.916099694,-87.698043163,"(41.916099694, -87.698043163)"', u'10184527,HY372190,08/06/2015 11:32:00 PM,015XX W HOWARD ST,1811,NARCOTICS,POSS: CANNABIS 30GMS OR LESS,STREET,true,false,2422,024,49,1,18,1164729,1950306,2015,08/13/2015 12:57:42 PM,42.01925275,-87.669151816,"(42.01925275, -87.669151816)"', u'10184512,HY372194,08/06/2015 11:30:00 PM,054XX W NORTH AVE,1811,NARCOTICS,POSS: CANNABIS 30GMS OR LESS,VEHICLE NON-COMMERCIAL,true,false,2532,025,37,25,18,1140150,1910150,2015,08/13/2015 12:57:42 PM,41.909548902,-87.760588145,"(41.909548902, -87.760588145)"', u'10184523,HY372175,08/06/2015 10:51:00 PM,038XX W NORTH AVE,1811,NARCOTICS,POSS: CANNABIS 30GMS OR LESS,SIDEWALK,true,false,2535,025,30,23,18,1150304,1910396,2015,08/13/2015 12:57:42 PM,41.910031837,-87.723279946,"(41.910031837, -87.723279946)"', u'10184476,HY372146,08/06/2015 10:50:00 PM,0000X N KEELER AVE,1811,NARCOTICS,POSS: CANNABIS 30GMS OR LESS,STREET,true,false,1115,011,28,26,18,1148430,1899795,2015,08/13/2015 12:57:42 PM,41.880977936,-87.730437982,"(41.880977936, -87.730437982)"', u'10184477,HY372136,08/06/2015 10:45:00 PM,053XX W CHICAGO AVE,1821,NARCOTICS,MANU/DEL:CANNABIS 10GM OR LESS,SIDEWALK,true,false,1524,015,37,25,18,1140456,1904773,2015,08/13/2015 12:57:42 PM,41.894788171,-87.759596124,"(41.894788171, -87.759596124)"', u'10184468,HY372144,08/06/2015 10:45:00 PM,002XX E 108TH ST,2028,NARCOTICS,POSS: SYNTHETIC DRUGS,STREET,true,false,0513,005,9,49,18,1179863,1833448,2015,08/13/2015 12:57:42 PM,41.698251605,-87.617048656,"(41.698251605, -87.617048656)"']
>>> 
>>> 
>>> 
>>> narcoticsCrimeRecords = narcoticsCrimes.map(lambda r: r.split(","))
>>> narcoticsCrimeRecords.first()
[u'10184515', u'HY372204', u'08/06/2015 11:55:00 PM', u'033XX W DIVERSEY AVE', u'2027', u'NARCOTICS', u'POSS: CRACK', u'STREET', u'true', u'false', u'1412', u'014', u'35', u'22', u'18', u'1153440', u'1918377', u'2015', u'08/13/2015 12:57:42 PM', u'41.931870591', u'-87.711546895', u'"(41.931870591', u' -87.711546895)"']
>>> narcoticsCrimeRecords.count()
663712                                                                          
>>> 
>>> 
>>> 
>>> narcoticsCrimeRecords.take(10)
[[u'10184515', u'HY372204', u'08/06/2015 11:55:00 PM', u'033XX W DIVERSEY AVE', u'2027', u'NARCOTICS', u'POSS: CRACK', u'STREET', u'true', u'false', u'1412', u'014', u'35', u'22', u'18', u'1153440', u'1918377', u'2015', u'08/13/2015 12:57:42 PM', u'41.931870591', u'-87.711546895', u'"(41.931870591', u' -87.711546895)"'], [u'10184524', u'HY372200', u'08/06/2015 11:40:00 PM', u'002XX W 88TH ST', u'1811', u'NARCOTICS', u'POSS: CANNABIS 30GMS OR LESS', u'STREET', u'true', u'false', u'0634', u'006', u'21', u'49', u'18', u'1175866', u'1846548', u'2015', u'08/13/2015 12:57:42 PM', u'41.7342901', u'-87.631292466', u'"(41.7342901', u' -87.631292466)"'], [u'10184554', u'HY372217', u'08/06/2015 11:38:00 PM', u'078XX S PAULINA ST', u'2028', u'NARCOTICS', u'POSS: SYNTHETIC DRUGS', u'STREET', u'true', u'false', u'0611', u'006', u'17', u'71', u'18', u'1166342', u'1852418', u'2015', u'08/13/2015 12:57:42 PM', u'41.750606117', u'-87.666017303', u'"(41.750606117', u' -87.666017303)"'], [u'10184503', u'HY372179', u'08/06/2015 11:35:00 PM', u'019XX N MOZART ST', u'2022', u'NARCOTICS', u'POSS: COCAINE', u'STREET', u'true', u'false', u'1421', u'014', u'35', u'22', u'18', u'1157157', u'1912657', u'2015', u'08/13/2015 12:57:42 PM', u'41.916099694', u'-87.698043163', u'"(41.916099694', u' -87.698043163)"'], [u'10184527', u'HY372190', u'08/06/2015 11:32:00 PM', u'015XX W HOWARD ST', u'1811', u'NARCOTICS', u'POSS: CANNABIS 30GMS OR LESS', u'STREET', u'true', u'false', u'2422', u'024', u'49', u'1', u'18', u'1164729', u'1950306', u'2015', u'08/13/2015 12:57:42 PM', u'42.01925275', u'-87.669151816', u'"(42.01925275', u' -87.669151816)"'], [u'10184512', u'HY372194', u'08/06/2015 11:30:00 PM', u'054XX W NORTH AVE', u'1811', u'NARCOTICS', u'POSS: CANNABIS 30GMS OR LESS', u'VEHICLE NON-COMMERCIAL', u'true', u'false', u'2532', u'025', u'37', u'25', u'18', u'1140150', u'1910150', u'2015', u'08/13/2015 12:57:42 PM', u'41.909548902', u'-87.760588145', u'"(41.909548902', u' -87.760588145)"'], [u'10184523', u'HY372175', u'08/06/2015 10:51:00 PM', u'038XX W NORTH AVE', u'1811', u'NARCOTICS', u'POSS: CANNABIS 30GMS OR LESS', u'SIDEWALK', u'true', u'false', u'2535', u'025', u'30', u'23', u'18', u'1150304', u'1910396', u'2015', u'08/13/2015 12:57:42 PM', u'41.910031837', u'-87.723279946', u'"(41.910031837', u' -87.723279946)"'], [u'10184476', u'HY372146', u'08/06/2015 10:50:00 PM', u'0000X N KEELER AVE', u'1811', u'NARCOTICS', u'POSS: CANNABIS 30GMS OR LESS', u'STREET', u'true', u'false', u'1115', u'011', u'28', u'26', u'18', u'1148430', u'1899795', u'2015', u'08/13/2015 12:57:42 PM', u'41.880977936', u'-87.730437982', u'"(41.880977936', u' -87.730437982)"'], [u'10184477', u'HY372136', u'08/06/2015 10:45:00 PM', u'053XX W CHICAGO AVE', u'1821', u'NARCOTICS', u'MANU/DEL:CANNABIS 10GM OR LESS', u'SIDEWALK', u'true', u'false', u'1524', u'015', u'37', u'25', u'18', u'1140456', u'1904773', u'2015', u'08/13/2015 12:57:42 PM', u'41.894788171', u'-87.759596124', u'"(41.894788171', u' -87.759596124)"'], [u'10184468', u'HY372144', u'08/06/2015 10:45:00 PM', u'002XX E 108TH ST', u'2028', u'NARCOTICS', u'POSS: SYNTHETIC DRUGS', u'STREET', u'true', u'false', u'0513', u'005', u'9', u'49', u'18', u'1179863', u'1833448', u'2015', u'08/13/2015 12:57:42 PM', u'41.698251605', u'-87.617048656', u'"(41.698251605', u' -87.617048656)"']]
>>> 
>>> 
>>> 
>>> 
>>> narcoticsCrimeTuples = narcoticsCrimes.map(lambda x: (x.split(",")[0], x))
>>> narcoticsCrimeTuples.count()
663712                                                                          
>>> narcoticsCrimeTuples.first()
(u'10184515', u'10184515,HY372204,08/06/2015 11:55:00 PM,033XX W DIVERSEY AVE,2027,NARCOTICS,POSS: CRACK,STREET,true,false,1412,014,35,22,18,1153440,1918377,2015,08/13/2015 12:57:42 PM,41.931870591,-87.711546895,"(41.931870591, -87.711546895)"')
>>> narcoticsCrimeTuples.take 
<bound method PipelinedRDD.take of PythonRDD[54] at RDD at PythonRDD.scala:43>
>>> narcoticsCrimeTuples.take(10)
[(u'10184515', u'10184515,HY372204,08/06/2015 11:55:00 PM,033XX W DIVERSEY AVE,2027,NARCOTICS,POSS: CRACK,STREET,true,false,1412,014,35,22,18,1153440,1918377,2015,08/13/2015 12:57:42 PM,41.931870591,-87.711546895,"(41.931870591, -87.711546895)"'), (u'10184524', u'10184524,HY372200,08/06/2015 11:40:00 PM,002XX W 88TH ST,1811,NARCOTICS,POSS: CANNABIS 30GMS OR LESS,STREET,true,false,0634,006,21,49,18,1175866,1846548,2015,08/13/2015 12:57:42 PM,41.7342901,-87.631292466,"(41.7342901, -87.631292466)"'), (u'10184554', u'10184554,HY372217,08/06/2015 11:38:00 PM,078XX S PAULINA ST,2028,NARCOTICS,POSS: SYNTHETIC DRUGS,STREET,true,false,0611,006,17,71,18,1166342,1852418,2015,08/13/2015 12:57:42 PM,41.750606117,-87.666017303,"(41.750606117, -87.666017303)"'), (u'10184503', u'10184503,HY372179,08/06/2015 11:35:00 PM,019XX N MOZART ST,2022,NARCOTICS,POSS: COCAINE,STREET,true,false,1421,014,35,22,18,1157157,1912657,2015,08/13/2015 12:57:42 PM,41.916099694,-87.698043163,"(41.916099694, -87.698043163)"'), (u'10184527', u'10184527,HY372190,08/06/2015 11:32:00 PM,015XX W HOWARD ST,1811,NARCOTICS,POSS: CANNABIS 30GMS OR LESS,STREET,true,false,2422,024,49,1,18,1164729,1950306,2015,08/13/2015 12:57:42 PM,42.01925275,-87.669151816,"(42.01925275, -87.669151816)"'), (u'10184512', u'10184512,HY372194,08/06/2015 11:30:00 PM,054XX W NORTH AVE,1811,NARCOTICS,POSS: CANNABIS 30GMS OR LESS,VEHICLE NON-COMMERCIAL,true,false,2532,025,37,25,18,1140150,1910150,2015,08/13/2015 12:57:42 PM,41.909548902,-87.760588145,"(41.909548902, -87.760588145)"'), (u'10184523', u'10184523,HY372175,08/06/2015 10:51:00 PM,038XX W NORTH AVE,1811,NARCOTICS,POSS: CANNABIS 30GMS OR LESS,SIDEWALK,true,false,2535,025,30,23,18,1150304,1910396,2015,08/13/2015 12:57:42 PM,41.910031837,-87.723279946,"(41.910031837, -87.723279946)"'), (u'10184476', u'10184476,HY372146,08/06/2015 10:50:00 PM,0000X N KEELER AVE,1811,NARCOTICS,POSS: CANNABIS 30GMS OR LESS,STREET,true,false,1115,011,28,26,18,1148430,1899795,2015,08/13/2015 12:57:42 PM,41.880977936,-87.730437982,"(41.880977936, -87.730437982)"'), (u'10184477', u'10184477,HY372136,08/06/2015 10:45:00 PM,053XX W CHICAGO AVE,1821,NARCOTICS,MANU/DEL:CANNABIS 10GM OR LESS,SIDEWALK,true,false,1524,015,37,25,18,1140456,1904773,2015,08/13/2015 12:57:42 PM,41.894788171,-87.759596124,"(41.894788171, -87.759596124)"'), (u'10184468', u'10184468,HY372144,08/06/2015 10:45:00 PM,002XX E 108TH ST,2028,NARCOTICS,POSS: SYNTHETIC DRUGS,STREET,true,false,0513,005,9,49,18,1179863,1833448,2015,08/13/2015 12:57:42 PM,41.698251605,-87.617048656,"(41.698251605, -87.617048656)"')]
>>> 




>>> 
>>> firstTuple = narcoticsCrimeTuples.first()
>>> len(firstTuple)
2
>>> firstTuple[0]
u'10184515'
>>> firstTuple[1]
u'10184515,HY372204,08/06/2015 11:55:00 PM,033XX W DIVERSEY AVE,2027,NARCOTICS,POSS: CRACK,STREET,true,false,1412,014,35,22,18,1153440,1918377,2015,08/13/2015 12:57:42 PM,41.931870591,-87.711546895,"(41.931870591, -87.711546895)"'
>>> narcoticsCrimeTuples = narcoticsCrimes.map(lambda x: (x.split(",")[0], x[1:]))
>>> narcoticsCrimeTuples.first()
(u'10184515', u'0184515,HY372204,08/06/2015 11:55:00 PM,033XX W DIVERSEY AVE,2027,NARCOTICS,POSS: CRACK,STREET,true,false,1412,014,35,22,18,1153440,1918377,2015,08/13/2015 12:57:42 PM,41.931870591,-87.711546895,"(41.931870591, -87.711546895)"')




>>> narcoticsCrimeTuples = narcoticsCrimes.map(lambda x: (x.split(",")[0], x.split(",")[1:]))
>>> narcoticsCrimeTuples.first()
(u'10184515', [u'HY372204', u'08/06/2015 11:55:00 PM', u'033XX W DIVERSEY AVE', u'2027', u'NARCOTICS', u'POSS: CRACK', u'STREET', u'true', u'false', u'1412', u'014', u'35', u'22', u'18', u'1153440', u'1918377', u'2015', u'08/13/2015 12:57:42 PM', u'41.931870591', u'-87.711546895', u'"(41.931870591', u' -87.711546895)"'])
>>> narcoticsCrimeTuples = narcoticsCrimes.map(lambda x: (x.split(",")[0], x[2:]))
>>> narcoticsCrimeTuples.first()
(u'10184515', u'184515,HY372204,08/06/2015 11:55:00 PM,033XX W DIVERSEY AVE,2027,NARCOTICS,POSS: CRACK,STREET,true,false,1412,014,35,22,18,1153440,1918377,2015,08/13/2015 12:57:42 PM,41.931870591,-87.711546895,"(41.931870591, -87.711546895)"')
>>> narcoticsCrimeTuples = narcoticsCrimes.map(lambda x: (x.split(",")[0], x[1:]))
>>> narcoticsCrimeTuples.first()
(u'10184515', u'0184515,HY372204,08/06/2015 11:55:00 PM,033XX W DIVERSEY AVE,2027,NARCOTICS,POSS: CRACK,STREET,true,false,1412,014,35,22,18,1153440,1918377,2015,08/13/2015 12:57:42 PM,41.931870591,-87.711546895,"(41.931870591, -87.711546895)"')


>>> firstTuple[0]
u'10184515'
>>> firstTuple[1]
u'10184515,HY372204,08/06/2015 11:55:00 PM,033XX W DIVERSEY AVE,2027,NARCOTICS,POSS: CRACK,STREET,true,false,1412,014,35,22,18,1153440,1918377,2015,08/13/2015 12:57:42 PM,41.931870591,-87.711546895,"(41.931870591, -87.711546895)"'
>>> firstTuple[0]
u'10184515'
>>> 



>>> 
>>> 
>>> narcoticsCrimeTuples = narcoticsCrimes.map(lambda x: (x.split(",")[0], ",".join(x.split(",")[1:])))
>>> narcoticsCrimes.first()
u'10184515,HY372204,08/06/2015 11:55:00 PM,033XX W DIVERSEY AVE,2027,NARCOTICS,POSS: CRACK,STREET,true,false,1412,014,35,22,18,1153440,1918377,2015,08/13/2015 12:57:42 PM,41.931870591,-87.711546895,"(41.931870591, -87.711546895)"'
>>> narcoticsCrimes.take(20)
[u'10184515,HY372204,08/06/2015 11:55:00 PM,033XX W DIVERSEY AVE,2027,NARCOTICS,POSS: CRACK,STREET,true,false,1412,014,35,22,18,1153440,1918377,2015,08/13/2015 12:57:42 PM,41.931870591,-87.711546895,"(41.931870591, -87.711546895)"', u'10184524,HY372200,08/06/2015 11:40:00 PM,002XX W 88TH ST,1811,NARCOTICS,POSS: CANNABIS 30GMS OR LESS,STREET,true,false,0634,006,21,49,18,1175866,1846548,2015,08/13/2015 12:57:42 PM,41.7342901,-87.631292466,"(41.7342901, -87.631292466)"', u'10184554,HY372217,08/06/2015 11:38:00 PM,078XX S PAULINA ST,2028,NARCOTICS,POSS: SYNTHETIC DRUGS,STREET,true,false,0611,006,17,71,18,1166342,1852418,2015,08/13/2015 12:57:42 PM,41.750606117,-87.666017303,"(41.750606117, -87.666017303)"', u'10184503,HY372179,08/06/2015 11:35:00 PM,019XX N MOZART ST,2022,NARCOTICS,POSS: COCAINE,STREET,true,false,1421,014,35,22,18,1157157,1912657,2015,08/13/2015 12:57:42 PM,41.916099694,-87.698043163,"(41.916099694, -87.698043163)"', u'10184527,HY372190,08/06/2015 11:32:00 PM,015XX W HOWARD ST,1811,NARCOTICS,POSS: CANNABIS 30GMS OR LESS,STREET,true,false,2422,024,49,1,18,1164729,1950306,2015,08/13/2015 12:57:42 PM,42.01925275,-87.669151816,"(42.01925275, -87.669151816)"', u'10184512,HY372194,08/06/2015 11:30:00 PM,054XX W NORTH AVE,1811,NARCOTICS,POSS: CANNABIS 30GMS OR LESS,VEHICLE NON-COMMERCIAL,true,false,2532,025,37,25,18,1140150,1910150,2015,08/13/2015 12:57:42 PM,41.909548902,-87.760588145,"(41.909548902, -87.760588145)"', u'10184523,HY372175,08/06/2015 10:51:00 PM,038XX W NORTH AVE,1811,NARCOTICS,POSS: CANNABIS 30GMS OR LESS,SIDEWALK,true,false,2535,025,30,23,18,1150304,1910396,2015,08/13/2015 12:57:42 PM,41.910031837,-87.723279946,"(41.910031837, -87.723279946)"', u'10184476,HY372146,08/06/2015 10:50:00 PM,0000X N KEELER AVE,1811,NARCOTICS,POSS: CANNABIS 30GMS OR LESS,STREET,true,false,1115,011,28,26,18,1148430,1899795,2015,08/13/2015 12:57:42 PM,41.880977936,-87.730437982,"(41.880977936, -87.730437982)"', u'10184477,HY372136,08/06/2015 10:45:00 PM,053XX W CHICAGO AVE,1821,NARCOTICS,MANU/DEL:CANNABIS 10GM OR LESS,SIDEWALK,true,false,1524,015,37,25,18,1140456,1904773,2015,08/13/2015 12:57:42 PM,41.894788171,-87.759596124,"(41.894788171, -87.759596124)"', u'10184468,HY372144,08/06/2015 10:45:00 PM,002XX E 108TH ST,2028,NARCOTICS,POSS: SYNTHETIC DRUGS,STREET,true,false,0513,005,9,49,18,1179863,1833448,2015,08/13/2015 12:57:42 PM,41.698251605,-87.617048656,"(41.698251605, -87.617048656)"', u'10184465,HY372127,08/06/2015 10:28:00 PM,079XX S ASHLAND AVE,1811,NARCOTICS,POSS: CANNABIS 30GMS OR LESS,GAS STATION,true,false,0611,006,21,71,18,1167009,1852265,2015,08/13/2015 12:57:42 PM,41.750172042,-87.66357746,"(41.750172042, -87.66357746)"', u'10184487,HY372141,08/06/2015 10:01:00 PM,059XX S MICHIGAN AVE,1812,NARCOTICS,POSS: CANNABIS MORE THAN 30GMS,APARTMENT,true,false,0232,002,20,40,18,1178136,1865583,2015,08/13/2015 12:57:42 PM,41.786473155,-87.622399953,"(41.786473155, -87.622399953)"', u'10184488,HY372134,08/06/2015 09:56:00 PM,077XX S SANGAMON ST,2024,NARCOTICS,POSS: HEROIN(WHITE),APARTMENT,true,false,0621,006,17,71,18,1171365,1853218,2015,08/13/2015 12:57:42 PM,41.752693042,-87.647587307,"(41.752693042, -87.647587307)"', u'10184422,HY372060,08/06/2015 09:30:00 PM,052XX N CANFIELD AVE,1811,NARCOTICS,POSS: CANNABIS 30GMS OR LESS,ALLEY,true,false,1613,016,41,10,18,1122611,1933632,2015,08/13/2015 12:57:42 PM,41.974289808,-87.824508239,"(41.974289808, -87.824508239)"', u'10184429,HY372061,08/06/2015 09:30:00 PM,033XX W FLOURNOY ST,1811,NARCOTICS,POSS: CANNABIS 30GMS OR LESS,SIDEWALK,true,false,1134,011,24,27,18,1154319,1896798,2015,08/13/2015 12:57:42 PM,41.872638297,-87.70889391,"(41.872638297, -87.70889391)"', u'10184427,HY372068,08/06/2015 09:18:00 PM,027XX W LE MOYNE ST,1811,NARCOTICS,POSS: CANNABIS 30GMS OR LESS,STREET,true,false,1423,014,26,24,18,1158086,1909904,2015,08/13/2015 12:57:42 PM,41.908526309,-87.694705371,"(41.908526309, -87.694705371)"', u'10184388,HY372039,08/06/2015 09:15:00 PM,055XX N NORTHWEST HWY,1811,NARCOTICS,POSS: CANNABIS 30GMS OR LESS,ALLEY,true,false,1622,016,45,11,18,1134995,1936221,2015,08/13/2015 12:57:42 PM,41.981183382,-87.778906209,"(41.981183382, -87.778906209)"', u'10184412,HY372034,08/06/2015 08:45:00 PM,028XX S AVERS AVE,1811,NARCOTICS,POSS: CANNABIS 30GMS OR LESS,SIDEWALK,true,false,1031,010,22,30,18,1151215,1884655,2015,08/13/2015 12:57:42 PM,41.839377846,-87.720608322,"(41.839377846, -87.720608322)"', u'10184435,HY372066,08/06/2015 08:45:00 PM,046XX S HERMITAGE AVE,1811,NARCOTICS,POSS: CANNABIS 30GMS OR LESS,"SCHOOL, PRIVATE, GROUNDS",true,false,0924,009,20,61,18,1165413,1874130,2015,08/13/2015 12:57:42 PM,41.810206364,-87.668806745,"(41.810206364, -87.668806745)"', u'10184509,HY372031,08/06/2015 08:30:00 PM,038XX W LEXINGTON ST,2024,NARCOTICS,POSS: HEROIN(WHITE),STREET,true,false,1133,011,24,26,18,1150832,1896381,2015,08/13/2015 12:57:42 PM,41.871562899,-87.721707266,"(41.871562899, -87.721707266)"']
>>> 
>>> 



>>> sorted = narcoticsCrimeTuples.sortByKey()
>>> sorted.first()                                                              
[Stage 35:>                                                        (0 + 4) / 41]/Users/ajs/Downloads/spark-1.6.2-bin-hadoop2.6/python/lib/pyspark.zip/pyspark/shuffle.py:58: UserWarning: Please install psutil to have better support with spilling
/Users/ajs/Downloads/spark-1.6.2-bin-hadoop2.6/python/lib/pyspark.zip/pyspark/shuffle.py:58: UserWarning: Please install psutil to have better support with spilling
/Users/ajs/Downloads/spark-1.6.2-bin-hadoop2.6/python/lib/pyspark.zip/pyspark/shuffle.py:58: UserWarning: Please install psutil to have better support with spilling
/Users/ajs/Downloads/spark-1.6.2-bin-hadoop2.6/python/lib/pyspark.zip/pyspark/shuffle.py:58: UserWarning: Please install psutil to have better support with spilling
(u'10000014', u'HY189846,03/18/2015 05:52:00 PM,107XX S EGGLESTON AVE,1822,NARCOTICS,MANU/DEL:CANNABIS OVER 10 GMS,RESIDENCE,true,false,2233,022,34,49,18,1175162,1833372,2015,03/25/2015 12:42:30 PM,41.698149046,-87.634263523,"(41.698149046, -87.634263523)"')
>>> 
>>> 
>>> 
>>> sorted.take(10)
[(u'10000014', u'HY189846,03/18/2015 05:52:00 PM,107XX S EGGLESTON AVE,1822,NARCOTICS,MANU/DEL:CANNABIS OVER 10 GMS,RESIDENCE,true,false,2233,022,34,49,18,1175162,1833372,2015,03/25/2015 12:42:30 PM,41.698149046,-87.634263523,"(41.698149046, -87.634263523)"'), (u'10000015', u'HY190002,03/18/2015 10:00:00 PM,001XX S SPRINGFIELD AVE,2027,NARCOTICS,POSS: CRACK,SIDEWALK,true,false,1122,011,28,26,18,1150447,1899324,2015,03/25/2015 12:42:30 PM,41.879646339,-87.723043936,"(41.879646339, -87.723043936)"'), (u'10000018', u'HY189982,03/18/2015 09:20:00 PM,018XX E 75TH ST,2028,NARCOTICS,POSS: SYNTHETIC DRUGS,STREET,true,false,0324,003,8,43,18,1189965,1855654,2015,03/25/2015 12:42:30 PM,41.758950606,-87.579348528,"(41.758950606, -87.579348528)"'), (u'10000032', u'HY190005,03/18/2015 10:00:00 PM,078XX S KEDZIE AVE,2024,NARCOTICS,POSS: HEROIN(WHITE),STREET,true,false,0835,008,18,70,18,1156360,1852673,2015,03/25/2015 12:42:30 PM,41.751512505,-87.702589481,"(41.751512505, -87.702589481)"'), (u'10000033', u'HY189981,03/18/2015 09:45:00 PM,032XX W 23RD ST,1811,NARCOTICS,POSS: CANNABIS 30GMS OR LESS,SIDEWALK,true,false,1024,010,22,30,18,1154889,1888566,2015,03/25/2015 12:42:30 PM,41.850037381,-87.707021653,"(41.850037381, -87.707021653)"'), (u'10000036', u'HY189959,03/18/2015 09:37:00 PM,079XX S LOOMIS BLVD,1811,NARCOTICS,POSS: CANNABIS 30GMS OR LESS,STREET,true,false,0612,006,21,71,18,1168414,1852212,2015,03/25/2015 12:42:30 PM,41.749996475,-87.658430431,"(41.749996475, -87.658430431)"'), (u'10000038', u'HY189993,03/18/2015 10:00:00 PM,055XX N WESTERN AVE,1811,NARCOTICS,POSS: CANNABIS 30GMS OR LESS,STREET,true,false,2012,020,40,4,18,1159361,1936925,2015,03/25/2015 12:42:30 PM,41.982647434,-87.689275782,"(41.982647434, -87.689275782)"'), (u'10000049', u'HY190034,03/18/2015 10:45:00 PM,003XX N WALLER AVE,1811,NARCOTICS,POSS: CANNABIS 30GMS OR LESS,SIDEWALK,true,false,1512,015,29,25,18,1138053,1901603,2015,03/25/2015 12:42:30 PM,41.886133043,-87.768498451,"(41.886133043, -87.768498451)"'), (u'10000050', u'HY190024,03/18/2015 09:55:00 PM,015XX S CALIFORNIA BLVD,2093,NARCOTICS,FOUND SUSPECT NARCOTICS,HOSPITAL BUILDING/GROUNDS,true,false,1022,010,12,29,26,1157891,1892607,2015,03/25/2015 12:42:30 PM,41.861065709,-87.695893691,"(41.861065709, -87.695893691)"'), (u'10000058', u'HY190039,03/18/2015 10:38:00 PM,120XX S LAFAYETTE AVE,1811,NARCOTICS,POSS: CANNABIS 30GMS OR LESS,RESIDENTIAL YARD (FRONT/BACK),true,false,0523,005,9,53,18,1178055,1825033,2015,03/25/2015 12:42:30 PM,41.675200673,-87.623922325,"(41.675200673, -87.623922325)"')]
>>> 
>>> 
>>> 
>>> 
>>> 
>>> narcoticsCrimeTuples.take(10)
[(u'10184515', u'HY372204,08/06/2015 11:55:00 PM,033XX W DIVERSEY AVE,2027,NARCOTICS,POSS: CRACK,STREET,true,false,1412,014,35,22,18,1153440,1918377,2015,08/13/2015 12:57:42 PM,41.931870591,-87.711546895,"(41.931870591, -87.711546895)"'), (u'10184524', u'HY372200,08/06/2015 11:40:00 PM,002XX W 88TH ST,1811,NARCOTICS,POSS: CANNABIS 30GMS OR LESS,STREET,true,false,0634,006,21,49,18,1175866,1846548,2015,08/13/2015 12:57:42 PM,41.7342901,-87.631292466,"(41.7342901, -87.631292466)"'), (u'10184554', u'HY372217,08/06/2015 11:38:00 PM,078XX S PAULINA ST,2028,NARCOTICS,POSS: SYNTHETIC DRUGS,STREET,true,false,0611,006,17,71,18,1166342,1852418,2015,08/13/2015 12:57:42 PM,41.750606117,-87.666017303,"(41.750606117, -87.666017303)"'), (u'10184503', u'HY372179,08/06/2015 11:35:00 PM,019XX N MOZART ST,2022,NARCOTICS,POSS: COCAINE,STREET,true,false,1421,014,35,22,18,1157157,1912657,2015,08/13/2015 12:57:42 PM,41.916099694,-87.698043163,"(41.916099694, -87.698043163)"'), (u'10184527', u'HY372190,08/06/2015 11:32:00 PM,015XX W HOWARD ST,1811,NARCOTICS,POSS: CANNABIS 30GMS OR LESS,STREET,true,false,2422,024,49,1,18,1164729,1950306,2015,08/13/2015 12:57:42 PM,42.01925275,-87.669151816,"(42.01925275, -87.669151816)"'), (u'10184512', u'HY372194,08/06/2015 11:30:00 PM,054XX W NORTH AVE,1811,NARCOTICS,POSS: CANNABIS 30GMS OR LESS,VEHICLE NON-COMMERCIAL,true,false,2532,025,37,25,18,1140150,1910150,2015,08/13/2015 12:57:42 PM,41.909548902,-87.760588145,"(41.909548902, -87.760588145)"'), (u'10184523', u'HY372175,08/06/2015 10:51:00 PM,038XX W NORTH AVE,1811,NARCOTICS,POSS: CANNABIS 30GMS OR LESS,SIDEWALK,true,false,2535,025,30,23,18,1150304,1910396,2015,08/13/2015 12:57:42 PM,41.910031837,-87.723279946,"(41.910031837, -87.723279946)"'), (u'10184476', u'HY372146,08/06/2015 10:50:00 PM,0000X N KEELER AVE,1811,NARCOTICS,POSS: CANNABIS 30GMS OR LESS,STREET,true,false,1115,011,28,26,18,1148430,1899795,2015,08/13/2015 12:57:42 PM,41.880977936,-87.730437982,"(41.880977936, -87.730437982)"'), (u'10184477', u'HY372136,08/06/2015 10:45:00 PM,053XX W CHICAGO AVE,1821,NARCOTICS,MANU/DEL:CANNABIS 10GM OR LESS,SIDEWALK,true,false,1524,015,37,25,18,1140456,1904773,2015,08/13/2015 12:57:42 PM,41.894788171,-87.759596124,"(41.894788171, -87.759596124)"'), (u'10184468', u'HY372144,08/06/2015 10:45:00 PM,002XX E 108TH ST,2028,NARCOTICS,POSS: SYNTHETIC DRUGS,STREET,true,false,0513,005,9,49,18,1179863,1833448,2015,08/13/2015 12:57:42 PM,41.698251605,-87.617048656,"(41.698251605, -87.617048656)"')]
>>> 
>>> 
>>> 

